// Jest Snapshot v1, https://goo.gl/fbAQLP

exports[`Favorites should match snapshot when there are favorites 1`] = `
<section
  className="favorite"
>
  <h1>
    Your Faves:
  </h1>
  <Character
    0="f"
    1="a"
    10=" "
    11="f"
    12="a"
    13="v"
    14="o"
    15="r"
    16="i"
    17="t"
    18="e"
    19="2"
    2="v"
    20=","
    21=" "
    22="f"
    23="a"
    24="v"
    25="o"
    26="r"
    27="i"
    28="t"
    29="e"
    3="o"
    30="3"
    4="r"
    5="i"
    6="t"
    7="e"
    8="1"
    9=","
    isFave={true}
  />
</section>
`;

exports[`Favorites should match the snapshot when there are no favorites 1`] = `
<h1>
  Sorry, No Faves
</h1>
`;
