// Jest Snapshot v1, https://goo.gl/fbAQLP

exports[`Loading should match the snapshot 1`] = `
<main>
  <div
    class="lds-roller"
  >
    <div />
    <div />
    <div />
    <div />
    <div />
    <div />
    <div />
    <div />
  </div>
</main>
`;
